<?xml version="1.0" encoding="UTF-8"?>
<testsuites name="Mocha Tests" time="11.3820" tests="16" failures="0">
  <testsuite name="Root Suite" timestamp="2021-09-20T18:53:34" tests="0" time="0.0000" failures="0">
  </testsuite>
  <testsuite name="Users Posts" timestamp="2021-09-20T18:53:34" tests="2" file="G:\Automation_Bro\super-api-test\test\post.js" time="1.4030" failures="0">
    <testcase name="Users Posts /posts" time="0.7010" classname="/posts">
    </testcase>
    <testcase name="Users Posts GET /posts/:id" time="0.7020" classname="GET /posts/:id">
    </testcase>
  </testsuite>
  <testsuite name="Negatuve Test" timestamp="2021-09-20T18:53:36" tests="2" file="G:\Automation_Bro\super-api-test\test\post.js" time="1.4070" failures="0">
    <testcase name="Users Posts Negatuve Test 401 Authentication Failed" time="0.7120" classname="401 Authentication Failed">
    </testcase>
    <testcase name="Users Posts Negatuve Test 422 Validation Failed" time="0.6950" classname="422 Validation Failed">
    </testcase>
  </testsuite>
  <testsuite name="Users" timestamp="2021-09-20T18:53:37" tests="0" file="G:\Automation_Bro\super-api-test\test\user-advanced.js" time="0.0000" failures="0">
  </testsuite>
  <testsuite name="POST" timestamp="2021-09-20T18:53:37" tests="1" file="G:\Automation_Bro\super-api-test\test\user-advanced.js" time="0.7320" failures="0">
    <testcase name="Users POST Post /users " time="0.7320" classname="Post /users ">
    </testcase>
  </testsuite>
  <testsuite name="GET" timestamp="2021-09-20T18:53:38" tests="3" file="G:\Automation_Bro\super-api-test\test\user-advanced.js" time="2.1400" failures="0">
    <testcase name="Users GET all users" time="0.7190" classname="all users">
    </testcase>
    <testcase name="Users GET  Specific users " time="0.7000" classname=" Specific users ">
    </testcase>
    <testcase name="Users GET users with query params" time="0.7210" classname="users with query params">
    </testcase>
  </testsuite>
  <testsuite name="Put test" timestamp="2021-09-20T18:53:40" tests="1" file="G:\Automation_Bro\super-api-test\test\user-advanced.js" time="0.7320" failures="0">
    <testcase name="Users Put test Put /users/:id " time="0.7320" classname="Put /users/:id ">
    </testcase>
  </testsuite>
  <testsuite name="Delete user" timestamp="2021-09-20T18:53:41" tests="1" file="G:\Automation_Bro\super-api-test\test\user-advanced.js" time="0.7080" failures="0">
    <testcase name="Users Delete user users/:id " time="0.7080" classname="users/:id ">
    </testcase>
  </testsuite>
  <testsuite name="Users" timestamp="2021-09-20T18:53:42" tests="6" file="G:\Automation_Bro\super-api-test\test\user.js" time="4.2600" failures="0">
    <testcase name="Users GET /users" time="0.7100" classname="GET /users">
    </testcase>
    <testcase name="Users GET / Specific users " time="0.6900" classname="GET / Specific users ">
    </testcase>
    <testcase name="Users GET /users with query params" time="0.7280" classname="GET /users with query params">
    </testcase>
    <testcase name="Users Post /users " time="0.7350" classname="Post /users ">
    </testcase>
    <testcase name="Users Put /users/:id " time="0.7020" classname="Put /users/:id ">
    </testcase>
    <testcase name="Users Delete /users/:id " time="0.6950" classname="Delete /users/:id ">
    </testcase>
  </testsuite>
</testsuites>